Archive member included to satisfy reference by file (symbol)

c:/program files (x86)/atmel/studio/7.0/toolchain/avr8/avr8-gnu-toolchain/bin/../lib/gcc/avr/5.4.0/../../../../avr/lib/avr5\libm.a(addsf3.o)
                              HAL/LCD/LCD_PROG.o (__subsf3)
c:/program files (x86)/atmel/studio/7.0/toolchain/avr8/avr8-gnu-toolchain/bin/../lib/gcc/avr/5.4.0/../../../../avr/lib/avr5\libm.a(addsf3x.o)
                              c:/program files (x86)/atmel/studio/7.0/toolchain/avr8/avr8-gnu-toolchain/bin/../lib/gcc/avr/5.4.0/../../../../avr/lib/avr5\libm.a(addsf3.o) (__addsf3x)
c:/program files (x86)/atmel/studio/7.0/toolchain/avr8/avr8-gnu-toolchain/bin/../lib/gcc/avr/5.4.0/../../../../avr/lib/avr5\libm.a(fixsfsi.o)
                              APP/main.o (__fixsfsi)
c:/program files (x86)/atmel/studio/7.0/toolchain/avr8/avr8-gnu-toolchain/bin/../lib/gcc/avr/5.4.0/../../../../avr/lib/avr5\libm.a(fixunssfsi.o)
                              c:/program files (x86)/atmel/studio/7.0/toolchain/avr8/avr8-gnu-toolchain/bin/../lib/gcc/avr/5.4.0/../../../../avr/lib/avr5\libm.a(fixsfsi.o) (__fixunssfsi)
c:/program files (x86)/atmel/studio/7.0/toolchain/avr8/avr8-gnu-toolchain/bin/../lib/gcc/avr/5.4.0/../../../../avr/lib/avr5\libm.a(floatsisf.o)
                              MCAL/ADC/ADC_PROG.o (__floatunsisf)
c:/program files (x86)/atmel/studio/7.0/toolchain/avr8/avr8-gnu-toolchain/bin/../lib/gcc/avr/5.4.0/../../../../avr/lib/avr5\libm.a(fp_inf.o)
                              c:/program files (x86)/atmel/studio/7.0/toolchain/avr8/avr8-gnu-toolchain/bin/../lib/gcc/avr/5.4.0/../../../../avr/lib/avr5\libm.a(addsf3x.o) (__fp_inf)
c:/program files (x86)/atmel/studio/7.0/toolchain/avr8/avr8-gnu-toolchain/bin/../lib/gcc/avr/5.4.0/../../../../avr/lib/avr5\libm.a(fp_nan.o)
                              c:/program files (x86)/atmel/studio/7.0/toolchain/avr8/avr8-gnu-toolchain/bin/../lib/gcc/avr/5.4.0/../../../../avr/lib/avr5\libm.a(addsf3x.o) (__fp_nan)
c:/program files (x86)/atmel/studio/7.0/toolchain/avr8/avr8-gnu-toolchain/bin/../lib/gcc/avr/5.4.0/../../../../avr/lib/avr5\libm.a(fp_pscA.o)
                              c:/program files (x86)/atmel/studio/7.0/toolchain/avr8/avr8-gnu-toolchain/bin/../lib/gcc/avr/5.4.0/../../../../avr/lib/avr5\libm.a(addsf3x.o) (__fp_pscA)
c:/program files (x86)/atmel/studio/7.0/toolchain/avr8/avr8-gnu-toolchain/bin/../lib/gcc/avr/5.4.0/../../../../avr/lib/avr5\libm.a(fp_pscB.o)
                              c:/program files (x86)/atmel/studio/7.0/toolchain/avr8/avr8-gnu-toolchain/bin/../lib/gcc/avr/5.4.0/../../../../avr/lib/avr5\libm.a(addsf3x.o) (__fp_pscB)
c:/program files (x86)/atmel/studio/7.0/toolchain/avr8/avr8-gnu-toolchain/bin/../lib/gcc/avr/5.4.0/../../../../avr/lib/avr5\libm.a(fp_round.o)
                              c:/program files (x86)/atmel/studio/7.0/toolchain/avr8/avr8-gnu-toolchain/bin/../lib/gcc/avr/5.4.0/../../../../avr/lib/avr5\libm.a(addsf3.o) (__fp_round)
c:/program files (x86)/atmel/studio/7.0/toolchain/avr8/avr8-gnu-toolchain/bin/../lib/gcc/avr/5.4.0/../../../../avr/lib/avr5\libm.a(fp_split3.o)
                              c:/program files (x86)/atmel/studio/7.0/toolchain/avr8/avr8-gnu-toolchain/bin/../lib/gcc/avr/5.4.0/../../../../avr/lib/avr5\libm.a(addsf3x.o) (__fp_split3)
c:/program files (x86)/atmel/studio/7.0/toolchain/avr8/avr8-gnu-toolchain/bin/../lib/gcc/avr/5.4.0/../../../../avr/lib/avr5\libm.a(fp_zero.o)
                              c:/program files (x86)/atmel/studio/7.0/toolchain/avr8/avr8-gnu-toolchain/bin/../lib/gcc/avr/5.4.0/../../../../avr/lib/avr5\libm.a(addsf3x.o) (__fp_zero)
c:/program files (x86)/atmel/studio/7.0/toolchain/avr8/avr8-gnu-toolchain/bin/../lib/gcc/avr/5.4.0/../../../../avr/lib/avr5\libm.a(mulsf3.o)
                              APP/main.o (__mulsf3)
c:/program files (x86)/atmel/studio/7.0/toolchain/avr8/avr8-gnu-toolchain/bin/../lib/gcc/avr/5.4.0/../../../../avr/lib/avr5\libm.a(mulsf3x.o)
                              c:/program files (x86)/atmel/studio/7.0/toolchain/avr8/avr8-gnu-toolchain/bin/../lib/gcc/avr/5.4.0/../../../../avr/lib/avr5\libm.a(mulsf3.o) (__mulsf3x)
c:/program files (x86)/atmel/studio/7.0/toolchain/avr8/avr8-gnu-toolchain/bin/../lib/gcc/avr/5.4.0/avr5\libgcc.a(_divmodhi4.o)
                              HAL/LCD/LCD_PROG.o (__divmodhi4)
c:/program files (x86)/atmel/studio/7.0/toolchain/avr8/avr8-gnu-toolchain/bin/../lib/gcc/avr/5.4.0/avr5\libgcc.a(_divmodsi4.o)
                              MCAL/TIMER1/TIMER1_PROG.o (__divmodsi4)
c:/program files (x86)/atmel/studio/7.0/toolchain/avr8/avr8-gnu-toolchain/bin/../lib/gcc/avr/5.4.0/avr5\libgcc.a(_negsi2.o)
                              c:/program files (x86)/atmel/studio/7.0/toolchain/avr8/avr8-gnu-toolchain/bin/../lib/gcc/avr/5.4.0/avr5\libgcc.a(_divmodsi4.o) (__negsi2)
c:/program files (x86)/atmel/studio/7.0/toolchain/avr8/avr8-gnu-toolchain/bin/../lib/gcc/avr/5.4.0/avr5\libgcc.a(_exit.o)
                              C:/Program Files (x86)/Atmel/Studio/7.0/Packs/atmel/ATmega_DFP/1.7.374/gcc/dev/atmega32/avr5/crtatmega32.o (exit)
c:/program files (x86)/atmel/studio/7.0/toolchain/avr8/avr8-gnu-toolchain/bin/../lib/gcc/avr/5.4.0/avr5\libgcc.a(_copy_data.o)
                              APP/main.o (__do_copy_data)
c:/program files (x86)/atmel/studio/7.0/toolchain/avr8/avr8-gnu-toolchain/bin/../lib/gcc/avr/5.4.0/avr5\libgcc.a(_clear_bss.o)
                              APP/main.o (__do_clear_bss)
c:/program files (x86)/atmel/studio/7.0/toolchain/avr8/avr8-gnu-toolchain/bin/../lib/gcc/avr/5.4.0/avr5\libgcc.a(_udivmodhi4.o)
                              c:/program files (x86)/atmel/studio/7.0/toolchain/avr8/avr8-gnu-toolchain/bin/../lib/gcc/avr/5.4.0/avr5\libgcc.a(_divmodhi4.o) (__udivmodhi4)
c:/program files (x86)/atmel/studio/7.0/toolchain/avr8/avr8-gnu-toolchain/bin/../lib/gcc/avr/5.4.0/avr5\libgcc.a(_udivmodsi4.o)
                              c:/program files (x86)/atmel/studio/7.0/toolchain/avr8/avr8-gnu-toolchain/bin/../lib/gcc/avr/5.4.0/avr5\libgcc.a(_divmodsi4.o) (__udivmodsi4)

Allocating common symbols
Common symbol       size              file

TIMER0_ovFunc       0x2               MCAL/TIMER/TIMER0_PROG.o
EXT_int1Func        0x2               MCAL/EXT/EXT_PROG.o
EXT_int2Func        0x2               MCAL/EXT/EXT_PROG.o
EXT_int0Func        0x2               MCAL/EXT/EXT_PROG.o
TIMER1_icuFunc      0x2               MCAL/TIMER1/TIMER1_PROG.o
TIMER2_ctcFunc      0x2               MCAL/TIMER2/TIMER2_PROG.o

Discarded input sections

 .data          0x00000000        0x0 C:/Program Files (x86)/Atmel/Studio/7.0/Packs/atmel/ATmega_DFP/1.7.374/gcc/dev/atmega32/avr5/crtatmega32.o
 .bss           0x00000000        0x0 C:/Program Files (x86)/Atmel/Studio/7.0/Packs/atmel/ATmega_DFP/1.7.374/gcc/dev/atmega32/avr5/crtatmega32.o
 .text          0x00000000        0x0 APP/main.o
 .data          0x00000000        0x0 APP/main.o
 .bss           0x00000000        0x0 APP/main.o
 .text          0x00000000        0x0 HAL/KPD/KPD_PROG.o
 .data          0x00000000        0x0 HAL/KPD/KPD_PROG.o
 .bss           0x00000000        0x0 HAL/KPD/KPD_PROG.o
 .debug_info    0x00000000       0x4f HAL/KPD/KPD_PROG.o
 .debug_abbrev  0x00000000       0x26 HAL/KPD/KPD_PROG.o
 .debug_aranges
                0x00000000       0x18 HAL/KPD/KPD_PROG.o
 .debug_line    0x00000000       0x1a HAL/KPD/KPD_PROG.o
 .debug_str     0x00000000      0x167 HAL/KPD/KPD_PROG.o
 .comment       0x00000000       0x31 HAL/KPD/KPD_PROG.o
 .text          0x00000000        0x0 HAL/LCD/LCD_PROG.o
 .data          0x00000000        0x0 HAL/LCD/LCD_PROG.o
 .bss           0x00000000        0x0 HAL/LCD/LCD_PROG.o
 .text.LCD_sendfloatNum
                0x00000000       0x68 HAL/LCD/LCD_PROG.o
 .text          0x00000000        0x0 HAL/MOTOR/MOTOR_PROG.o
 .data          0x00000000        0x0 HAL/MOTOR/MOTOR_PROG.o
 .bss           0x00000000        0x0 HAL/MOTOR/MOTOR_PROG.o
 .text          0x00000000        0x0 HAL/SERVO/SERVO_PROG.o
 .data          0x00000000        0x0 HAL/SERVO/SERVO_PROG.o
 .bss           0x00000000        0x0 HAL/SERVO/SERVO_PROG.o
 .text          0x00000000        0x0 HAL/SS/SS_PROG.o
 .data          0x00000000        0x0 HAL/SS/SS_PROG.o
 .bss           0x00000000        0x0 HAL/SS/SS_PROG.o
 .debug_info    0x00000000       0x6b HAL/SS/SS_PROG.o
 .debug_abbrev  0x00000000       0x26 HAL/SS/SS_PROG.o
 .debug_aranges
                0x00000000       0x18 HAL/SS/SS_PROG.o
 .debug_line    0x00000000       0x1a HAL/SS/SS_PROG.o
 .debug_str     0x00000000      0x1a5 HAL/SS/SS_PROG.o
 .comment       0x00000000       0x31 HAL/SS/SS_PROG.o
 .text          0x00000000        0x0 HAL/ULTRASONIC/ULTRASONIC_PROG.o
 .data          0x00000000        0x0 HAL/ULTRASONIC/ULTRASONIC_PROG.o
 .bss           0x00000000        0x0 HAL/ULTRASONIC/ULTRASONIC_PROG.o
 .text          0x00000000        0x0 MCAL/ADC/ADC_PROG.o
 .data          0x00000000        0x0 MCAL/ADC/ADC_PROG.o
 .bss           0x00000000        0x0 MCAL/ADC/ADC_PROG.o
 .text.ADC_init
                0x00000000       0x26 MCAL/ADC/ADC_PROG.o
 .text.ADC_read
                0x00000000       0x56 MCAL/ADC/ADC_PROG.o
 .text.ADC_convertAnalog
                0x00000000       0x18 MCAL/ADC/ADC_PROG.o
 .debug_info    0x00000000      0x100 MCAL/ADC/ADC_PROG.o
 .debug_abbrev  0x00000000       0xa3 MCAL/ADC/ADC_PROG.o
 .debug_loc     0x00000000       0x70 MCAL/ADC/ADC_PROG.o
 .debug_aranges
                0x00000000       0x30 MCAL/ADC/ADC_PROG.o
 .debug_ranges  0x00000000       0x20 MCAL/ADC/ADC_PROG.o
 .debug_line    0x00000000      0x10e MCAL/ADC/ADC_PROG.o
 .debug_str     0x00000000      0x19e MCAL/ADC/ADC_PROG.o
 .comment       0x00000000       0x31 MCAL/ADC/ADC_PROG.o
 .debug_frame   0x00000000       0x44 MCAL/ADC/ADC_PROG.o
 .text          0x00000000        0x0 MCAL/DIO/DIO_PROG.o
 .data          0x00000000        0x0 MCAL/DIO/DIO_PROG.o
 .bss           0x00000000        0x0 MCAL/DIO/DIO_PROG.o
 .text.DIO_readPinValue
                0x00000000       0xc2 MCAL/DIO/DIO_PROG.o
 .text.DIO_setPullUp
                0x00000000        0x8 MCAL/DIO/DIO_PROG.o
 .text.DIO_togglePinValue
                0x00000000       0x18 MCAL/DIO/DIO_PROG.o
 .text          0x00000000        0x0 MCAL/EEPROM/EEPROM_PROG.o
 .data          0x00000000        0x0 MCAL/EEPROM/EEPROM_PROG.o
 .bss           0x00000000        0x0 MCAL/EEPROM/EEPROM_PROG.o
 .debug_info    0x00000000       0x4f MCAL/EEPROM/EEPROM_PROG.o
 .debug_abbrev  0x00000000       0x26 MCAL/EEPROM/EEPROM_PROG.o
 .debug_aranges
                0x00000000       0x18 MCAL/EEPROM/EEPROM_PROG.o
 .debug_line    0x00000000       0x1a MCAL/EEPROM/EEPROM_PROG.o
 .debug_str     0x00000000      0x16e MCAL/EEPROM/EEPROM_PROG.o
 .comment       0x00000000       0x31 MCAL/EEPROM/EEPROM_PROG.o
 .text          0x00000000        0x0 MCAL/EXT/EXT_PROG.o
 .data          0x00000000        0x0 MCAL/EXT/EXT_PROG.o
 .bss           0x00000000        0x0 MCAL/EXT/EXT_PROG.o
 .text.EXT_int1Init
                0x00000000       0x3c MCAL/EXT/EXT_PROG.o
 .text.EXT_setCallbackInt1
                0x00000000        0xa MCAL/EXT/EXT_PROG.o
 .text.EXT_int2Init
                0x00000000       0x1e MCAL/EXT/EXT_PROG.o
 .text.EXT_setCallbackInt2
                0x00000000        0xa MCAL/EXT/EXT_PROG.o
 .text          0x00000000        0x0 MCAL/GI/GI_PROG.o
 .data          0x00000000        0x0 MCAL/GI/GI_PROG.o
 .bss           0x00000000        0x0 MCAL/GI/GI_PROG.o
 .text.GI_disable
                0x00000000        0x8 MCAL/GI/GI_PROG.o
 .text          0x00000000        0x0 MCAL/I2C/I2C_PROG.o
 .data          0x00000000        0x0 MCAL/I2C/I2C_PROG.o
 .bss           0x00000000        0x0 MCAL/I2C/I2C_PROG.o
 .debug_info    0x00000000       0x4f MCAL/I2C/I2C_PROG.o
 .debug_abbrev  0x00000000       0x26 MCAL/I2C/I2C_PROG.o
 .debug_aranges
                0x00000000       0x18 MCAL/I2C/I2C_PROG.o
 .debug_line    0x00000000       0x1a MCAL/I2C/I2C_PROG.o
 .debug_str     0x00000000      0x168 MCAL/I2C/I2C_PROG.o
 .comment       0x00000000       0x31 MCAL/I2C/I2C_PROG.o
 .text          0x00000000        0x0 MCAL/SPI/SPI_PROG.o
 .data          0x00000000        0x0 MCAL/SPI/SPI_PROG.o
 .bss           0x00000000        0x0 MCAL/SPI/SPI_PROG.o
 .debug_info    0x00000000       0x4f MCAL/SPI/SPI_PROG.o
 .debug_abbrev  0x00000000       0x26 MCAL/SPI/SPI_PROG.o
 .debug_aranges
                0x00000000       0x18 MCAL/SPI/SPI_PROG.o
 .debug_line    0x00000000       0x1a MCAL/SPI/SPI_PROG.o
 .debug_str     0x00000000      0x168 MCAL/SPI/SPI_PROG.o
 .comment       0x00000000       0x31 MCAL/SPI/SPI_PROG.o
 .text          0x00000000        0x0 MCAL/TIMER1/TIMER1_PROG.o
 .data          0x00000000        0x0 MCAL/TIMER1/TIMER1_PROG.o
 .bss           0x00000000        0x0 MCAL/TIMER1/TIMER1_PROG.o
 .text.TIMER1_initFastPwmMod14
                0x00000000       0x26 MCAL/TIMER1/TIMER1_PROG.o
 .text.TIMER1_setFrequency
                0x00000000       0x40 MCAL/TIMER1/TIMER1_PROG.o
 .text.TIMER1_initIcu
                0x00000000       0x48 MCAL/TIMER1/TIMER1_PROG.o
 .text.TIMER1_setPreload
                0x00000000        0x6 MCAL/TIMER1/TIMER1_PROG.o
 .text.TIMER1_getIcr
                0x00000000        0x6 MCAL/TIMER1/TIMER1_PROG.o
 .text.TIMER1_setCallbackIcu
                0x00000000        0xa MCAL/TIMER1/TIMER1_PROG.o
 .text          0x00000000        0x0 MCAL/TIMER2/TIMER2_PROG.o
 .data          0x00000000        0x0 MCAL/TIMER2/TIMER2_PROG.o
 .bss           0x00000000        0x0 MCAL/TIMER2/TIMER2_PROG.o
 .text.TIMER2_initNormal
                0x00000000       0x14 MCAL/TIMER2/TIMER2_PROG.o
 .text.TIMER2_getCounts
                0x00000000        0x4 MCAL/TIMER2/TIMER2_PROG.o
 .text          0x00000000        0x0 MCAL/TIMER/TIMER0_PROG.o
 .data          0x00000000        0x0 MCAL/TIMER/TIMER0_PROG.o
 .bss           0x00000000        0x0 MCAL/TIMER/TIMER0_PROG.o
 .text.TIMER0_setPreload
                0x00000000        0x4 MCAL/TIMER/TIMER0_PROG.o
 .text.TIMER0_getCounts
                0x00000000        0x4 MCAL/TIMER/TIMER0_PROG.o
 .text          0x00000000        0x0 MCAL/USART/UART_PROG.o
 .data          0x00000000        0x0 MCAL/USART/UART_PROG.o
 .bss           0x00000000        0x0 MCAL/USART/UART_PROG.o
 .text.UART_init
                0x00000000       0x1e MCAL/USART/UART_PROG.o
 .text.UART_sendData
                0x00000000        0x8 MCAL/USART/UART_PROG.o
 .text.UART_sendStr
                0x00000000       0x26 MCAL/USART/UART_PROG.o
 .text.UART_receiveData
                0x00000000       0x16 MCAL/USART/UART_PROG.o
 .debug_info    0x00000000      0x12e MCAL/USART/UART_PROG.o
 .debug_abbrev  0x00000000       0xfc MCAL/USART/UART_PROG.o
 .debug_loc     0x00000000       0xc7 MCAL/USART/UART_PROG.o
 .debug_aranges
                0x00000000       0x38 MCAL/USART/UART_PROG.o
 .debug_ranges  0x00000000       0x28 MCAL/USART/UART_PROG.o
 .debug_line    0x00000000      0x115 MCAL/USART/UART_PROG.o
 .debug_str     0x00000000      0x1ab MCAL/USART/UART_PROG.o
 .comment       0x00000000       0x31 MCAL/USART/UART_PROG.o
 .debug_frame   0x00000000       0x64 MCAL/USART/UART_PROG.o
 .text          0x00000000        0x0 MCAL/WDT/WDT_PROG.o
 .data          0x00000000        0x0 MCAL/WDT/WDT_PROG.o
 .bss           0x00000000        0x0 MCAL/WDT/WDT_PROG.o
 .debug_info    0x00000000       0x4f MCAL/WDT/WDT_PROG.o
 .debug_abbrev  0x00000000       0x26 MCAL/WDT/WDT_PROG.o
 .debug_aranges
                0x00000000       0x18 MCAL/WDT/WDT_PROG.o
 .debug_line    0x00000000       0x1a MCAL/WDT/WDT_PROG.o
 .debug_str     0x00000000      0x168 MCAL/WDT/WDT_PROG.o
 .comment       0x00000000       0x31 MCAL/WDT/WDT_PROG.o
 .text          0x00000000        0x0 c:/program files (x86)/atmel/studio/7.0/toolchain/avr8/avr8-gnu-toolchain/bin/../lib/gcc/avr/5.4.0/../../../../avr/lib/avr5\libm.a(addsf3.o)
 .data          0x00000000        0x0 c:/program files (x86)/atmel/studio/7.0/toolchain/avr8/avr8-gnu-toolchain/bin/../lib/gcc/avr/5.4.0/../../../../avr/lib/avr5\libm.a(addsf3.o)
 .bss           0x00000000        0x0 c:/program files (x86)/atmel/studio/7.0/toolchain/avr8/avr8-gnu-toolchain/bin/../lib/gcc/avr/5.4.0/../../../../avr/lib/avr5\libm.a(addsf3.o)
 .text.avr-libc.fplib
                0x00000000        0xe c:/program files (x86)/atmel/studio/7.0/toolchain/avr8/avr8-gnu-toolchain/bin/../lib/gcc/avr/5.4.0/../../../../avr/lib/avr5\libm.a(addsf3.o)
 .text          0x00000000        0x0 c:/program files (x86)/atmel/studio/7.0/toolchain/avr8/avr8-gnu-toolchain/bin/../lib/gcc/avr/5.4.0/../../../../avr/lib/avr5\libm.a(addsf3x.o)
 .data          0x00000000        0x0 c:/program files (x86)/atmel/studio/7.0/toolchain/avr8/avr8-gnu-toolchain/bin/../lib/gcc/avr/5.4.0/../../../../avr/lib/avr5\libm.a(addsf3x.o)
 .bss           0x00000000        0x0 c:/program files (x86)/atmel/studio/7.0/toolchain/avr8/avr8-gnu-toolchain/bin/../lib/gcc/avr/5.4.0/../../../../avr/lib/avr5\libm.a(addsf3x.o)
 .text.avr-libc.fplib
                0x00000000       0xcc c:/program files (x86)/atmel/studio/7.0/toolchain/avr8/avr8-gnu-toolchain/bin/../lib/gcc/avr/5.4.0/../../../../avr/lib/avr5\libm.a(addsf3x.o)
 .text          0x00000000        0x0 c:/program files (x86)/atmel/studio/7.0/toolchain/avr8/avr8-gnu-toolchain/bin/../lib/gcc/avr/5.4.0/../../../../avr/lib/avr5\libm.a(fixsfsi.o)
 .data          0x00000000        0x0 c:/program files (x86)/atmel/studio/7.0/toolchain/avr8/avr8-gnu-toolchain/bin/../lib/gcc/avr/5.4.0/../../../../avr/lib/avr5\libm.a(fixsfsi.o)
 .bss           0x00000000        0x0 c:/program files (x86)/atmel/studio/7.0/toolchain/avr8/avr8-gnu-toolchain/bin/../lib/gcc/avr/5.4.0/../../../../avr/lib/avr5\libm.a(fixsfsi.o)
 .text          0x00000000        0x0 c:/program files (x86)/atmel/studio/7.0/toolchain/avr8/avr8-gnu-toolchain/bin/../lib/gcc/avr/5.4.0/../../../../avr/lib/avr5\libm.a(fixunssfsi.o)
 .data          0x00000000        0x0 c:/program files (x86)/atmel/studio/7.0/toolchain/avr8/avr8-gnu-toolchain/bin/../lib/gcc/avr/5.4.0/../../../../avr/lib/avr5\libm.a(fixunssfsi.o)
 .bss           0x00000000        0x0 c:/program files (x86)/atmel/studio/7.0/toolchain/avr8/avr8-gnu-toolchain/bin/../lib/gcc/avr/5.4.0/../../../../avr/lib/avr5\libm.a(fixunssfsi.o)
 .text          0x00000000        0x0 c:/program files (x86)/atmel/studio/7.0/toolchain/avr8/avr8-gnu-toolchain/bin/../lib/gcc/avr/5.4.0/../../../../avr/lib/avr5\libm.a(floatsisf.o)
 .data          0x00000000        0x0 c:/program files (x86)/atmel/studio/7.0/toolchain/avr8/avr8-gnu-toolchain/bin/../lib/gcc/avr/5.4.0/../../../../avr/lib/avr5\libm.a(floatsisf.o)
 .bss           0x00000000        0x0 c:/program files (x86)/atmel/studio/7.0/toolchain/avr8/avr8-gnu-toolchain/bin/../lib/gcc/avr/5.4.0/../../../../avr/lib/avr5\libm.a(floatsisf.o)
 .text          0x00000000        0x0 c:/program files (x86)/atmel/studio/7.0/toolchain/avr8/avr8-gnu-toolchain/bin/../lib/gcc/avr/5.4.0/../../../../avr/lib/avr5\libm.a(fp_inf.o)
 .data          0x00000000        0x0 c:/program files (x86)/atmel/studio/7.0/toolchain/avr8/avr8-gnu-toolchain/bin/../lib/gcc/avr/5.4.0/../../../../avr/lib/avr5\libm.a(fp_inf.o)
 .bss           0x00000000        0x0 c:/program files (x86)/atmel/studio/7.0/toolchain/avr8/avr8-gnu-toolchain/bin/../lib/gcc/avr/5.4.0/../../../../avr/lib/avr5\libm.a(fp_inf.o)
 .text          0x00000000        0x0 c:/program files (x86)/atmel/studio/7.0/toolchain/avr8/avr8-gnu-toolchain/bin/../lib/gcc/avr/5.4.0/../../../../avr/lib/avr5\libm.a(fp_nan.o)
 .data          0x00000000        0x0 c:/program files (x86)/atmel/studio/7.0/toolchain/avr8/avr8-gnu-toolchain/bin/../lib/gcc/avr/5.4.0/../../../../avr/lib/avr5\libm.a(fp_nan.o)
 .bss           0x00000000        0x0 c:/program files (x86)/atmel/studio/7.0/toolchain/avr8/avr8-gnu-toolchain/bin/../lib/gcc/avr/5.4.0/../../../../avr/lib/avr5\libm.a(fp_nan.o)
 .text          0x00000000        0x0 c:/program files (x86)/atmel/studio/7.0/toolchain/avr8/avr8-gnu-toolchain/bin/../lib/gcc/avr/5.4.0/../../../../avr/lib/avr5\libm.a(fp_pscA.o)
 .data          0x00000000        0x0 c:/program files (x86)/atmel/studio/7.0/toolchain/avr8/avr8-gnu-toolchain/bin/../lib/gcc/avr/5.4.0/../../../../avr/lib/avr5\libm.a(fp_pscA.o)
 .bss           0x00000000        0x0 c:/program files (x86)/atmel/studio/7.0/toolchain/avr8/avr8-gnu-toolchain/bin/../lib/gcc/avr/5.4.0/../../../../avr/lib/avr5\libm.a(fp_pscA.o)
 .text          0x00000000        0x0 c:/program files (x86)/atmel/studio/7.0/toolchain/avr8/avr8-gnu-toolchain/bin/../lib/gcc/avr/5.4.0/../../../../avr/lib/avr5\libm.a(fp_pscB.o)
 .data          0x00000000        0x0 c:/program files (x86)/atmel/studio/7.0/toolchain/avr8/avr8-gnu-toolchain/bin/../lib/gcc/avr/5.4.0/../../../../avr/lib/avr5\libm.a(fp_pscB.o)
 .bss           0x00000000        0x0 c:/program files (x86)/atmel/studio/7.0/toolchain/avr8/avr8-gnu-toolchain/bin/../lib/gcc/avr/5.4.0/../../../../avr/lib/avr5\libm.a(fp_pscB.o)
 .text          0x00000000        0x0 c:/program files (x86)/atmel/studio/7.0/toolchain/avr8/avr8-gnu-toolchain/bin/../lib/gcc/avr/5.4.0/../../../../avr/lib/avr5\libm.a(fp_round.o)
 .data          0x00000000        0x0 c:/program files (x86)/atmel/studio/7.0/toolchain/avr8/avr8-gnu-toolchain/bin/../lib/gcc/avr/5.4.0/../../../../avr/lib/avr5\libm.a(fp_round.o)
 .bss           0x00000000        0x0 c:/program files (x86)/atmel/studio/7.0/toolchain/avr8/avr8-gnu-toolchain/bin/../lib/gcc/avr/5.4.0/../../../../avr/lib/avr5\libm.a(fp_round.o)
 .text          0x00000000        0x0 c:/program files (x86)/atmel/studio/7.0/toolchain/avr8/avr8-gnu-toolchain/bin/../lib/gcc/avr/5.4.0/../../../../avr/lib/avr5\libm.a(fp_split3.o)
 .data          0x00000000        0x0 c:/program files (x86)/atmel/studio/7.0/toolchain/avr8/avr8-gnu-toolchain/bin/../lib/gcc/avr/5.4.0/../../../../avr/lib/avr5\libm.a(fp_split3.o)
 .bss           0x00000000        0x0 c:/program files (x86)/atmel/studio/7.0/toolchain/avr8/avr8-gnu-toolchain/bin/../lib/gcc/avr/5.4.0/../../../../avr/lib/avr5\libm.a(fp_split3.o)
 .text          0x00000000        0x0 c:/program files (x86)/atmel/studio/7.0/toolchain/avr8/avr8-gnu-toolchain/bin/../lib/gcc/avr/5.4.0/../../../../avr/lib/avr5\libm.a(fp_zero.o)
 .data          0x00000000        0x0 c:/program files (x86)/atmel/studio/7.0/toolchain/avr8/avr8-gnu-toolchain/bin/../lib/gcc/avr/5.4.0/../../../../avr/lib/avr5\libm.a(fp_zero.o)
 .bss           0x00000000        0x0 c:/program files (x86)/atmel/studio/7.0/toolchain/avr8/avr8-gnu-toolchain/bin/../lib/gcc/avr/5.4.0/../../../../avr/lib/avr5\libm.a(fp_zero.o)
 .text          0x00000000        0x0 c:/program files (x86)/atmel/studio/7.0/toolchain/avr8/avr8-gnu-toolchain/bin/../lib/gcc/avr/5.4.0/../../../../avr/lib/avr5\libm.a(mulsf3.o)
 .data          0x00000000        0x0 c:/program files (x86)/atmel/studio/7.0/toolchain/avr8/avr8-gnu-toolchain/bin/../lib/gcc/avr/5.4.0/../../../../avr/lib/avr5\libm.a(mulsf3.o)
 .bss           0x00000000        0x0 c:/program files (x86)/atmel/studio/7.0/toolchain/avr8/avr8-gnu-toolchain/bin/../lib/gcc/avr/5.4.0/../../../../avr/lib/avr5\libm.a(mulsf3.o)
 .text          0x00000000        0x0 c:/program files (x86)/atmel/studio/7.0/toolchain/avr8/avr8-gnu-toolchain/bin/../lib/gcc/avr/5.4.0/../../../../avr/lib/avr5\libm.a(mulsf3x.o)
 .data          0x00000000        0x0 c:/program files (x86)/atmel/studio/7.0/toolchain/avr8/avr8-gnu-toolchain/bin/../lib/gcc/avr/5.4.0/../../../../avr/lib/avr5\libm.a(mulsf3x.o)
 .bss           0x00000000        0x0 c:/program files (x86)/atmel/studio/7.0/toolchain/avr8/avr8-gnu-toolchain/bin/../lib/gcc/avr/5.4.0/../../../../avr/lib/avr5\libm.a(mulsf3x.o)
 .text          0x00000000        0x0 c:/program files (x86)/atmel/studio/7.0/toolchain/avr8/avr8-gnu-toolchain/bin/../lib/gcc/avr/5.4.0/avr5\libgcc.a(_divmodhi4.o)
 .data          0x00000000        0x0 c:/program files (x86)/atmel/studio/7.0/toolchain/avr8/avr8-gnu-toolchain/bin/../lib/gcc/avr/5.4.0/avr5\libgcc.a(_divmodhi4.o)
 .bss           0x00000000        0x0 c:/program files (x86)/atmel/studio/7.0/toolchain/avr8/avr8-gnu-toolchain/bin/../lib/gcc/avr/5.4.0/avr5\libgcc.a(_divmodhi4.o)
 .text.libgcc.mul
                0x00000000        0x0 c:/program files (x86)/atmel/studio/7.0/toolchain/avr8/avr8-gnu-toolchain/bin/../lib/gcc/avr/5.4.0/avr5\libgcc.a(_divmodhi4.o)
 .text.libgcc   0x00000000        0x0 c:/program files (x86)/atmel/studio/7.0/toolchain/avr8/avr8-gnu-toolchain/bin/../lib/gcc/avr/5.4.0/avr5\libgcc.a(_divmodhi4.o)
 .text.libgcc.prologue
                0x00000000        0x0 c:/program files (x86)/atmel/studio/7.0/toolchain/avr8/avr8-gnu-toolchain/bin/../lib/gcc/avr/5.4.0/avr5\libgcc.a(_divmodhi4.o)
 .text.libgcc.builtins
                0x00000000        0x0 c:/program files (x86)/atmel/studio/7.0/toolchain/avr8/avr8-gnu-toolchain/bin/../lib/gcc/avr/5.4.0/avr5\libgcc.a(_divmodhi4.o)
 .text.libgcc.fmul
                0x00000000        0x0 c:/program files (x86)/atmel/studio/7.0/toolchain/avr8/avr8-gnu-toolchain/bin/../lib/gcc/avr/5.4.0/avr5\libgcc.a(_divmodhi4.o)
 .text.libgcc.fixed
                0x00000000        0x0 c:/program files (x86)/atmel/studio/7.0/toolchain/avr8/avr8-gnu-toolchain/bin/../lib/gcc/avr/5.4.0/avr5\libgcc.a(_divmodhi4.o)
 .text          0x00000000        0x0 c:/program files (x86)/atmel/studio/7.0/toolchain/avr8/avr8-gnu-toolchain/bin/../lib/gcc/avr/5.4.0/avr5\libgcc.a(_divmodsi4.o)
 .data          0x00000000        0x0 c:/program files (x86)/atmel/studio/7.0/toolchain/avr8/avr8-gnu-toolchain/bin/../lib/gcc/avr/5.4.0/avr5\libgcc.a(_divmodsi4.o)
 .bss           0x00000000        0x0 c:/program files (x86)/atmel/studio/7.0/toolchain/avr8/avr8-gnu-toolchain/bin/../lib/gcc/avr/5.4.0/avr5\libgcc.a(_divmodsi4.o)
 .text.libgcc.mul
                0x00000000        0x0 c:/program files (x86)/atmel/studio/7.0/toolchain/avr8/avr8-gnu-toolchain/bin/../lib/gcc/avr/5.4.0/avr5\libgcc.a(_divmodsi4.o)
 .text.libgcc   0x00000000        0x0 c:/program files (x86)/atmel/studio/7.0/toolchain/avr8/avr8-gnu-toolchain/bin/../lib/gcc/avr/5.4.0/avr5\libgcc.a(_divmodsi4.o)
 .text.libgcc.prologue
                0x00000000        0x0 c:/program files (x86)/atmel/studio/7.0/toolchain/avr8/avr8-gnu-toolchain/bin/../lib/gcc/avr/5.4.0/avr5\libgcc.a(_divmodsi4.o)
 .text.libgcc.builtins
                0x00000000        0x0 c:/program files (x86)/atmel/studio/7.0/toolchain/avr8/avr8-gnu-toolchain/bin/../lib/gcc/avr/5.4.0/avr5\libgcc.a(_divmodsi4.o)
 .text.libgcc.fmul
                0x00000000        0x0 c:/program files (x86)/atmel/studio/7.0/toolchain/avr8/avr8-gnu-toolchain/bin/../lib/gcc/avr/5.4.0/avr5\libgcc.a(_divmodsi4.o)
 .text.libgcc.fixed
                0x00000000        0x0 c:/program files (x86)/atmel/studio/7.0/toolchain/avr8/avr8-gnu-toolchain/bin/../lib/gcc/avr/5.4.0/avr5\libgcc.a(_divmodsi4.o)
 .text          0x00000000        0x0 c:/program files (x86)/atmel/studio/7.0/toolchain/avr8/avr8-gnu-toolchain/bin/../lib/gcc/avr/5.4.0/avr5\libgcc.a(_negsi2.o)
 .data          0x00000000        0x0 c:/program files (x86)/atmel/studio/7.0/toolchain/avr8/avr8-gnu-toolchain/bin/../lib/gcc/avr/5.4.0/avr5\libgcc.a(_negsi2.o)
 .bss           0x00000000        0x0 c:/program files (x86)/atmel/studio/7.0/toolchain/avr8/avr8-gnu-toolchain/bin/../lib/gcc/avr/5.4.0/avr5\libgcc.a(_negsi2.o)
 .text.libgcc.mul
                0x00000000        0x0 c:/program files (x86)/atmel/studio/7.0/toolchain/avr8/avr8-gnu-toolchain/bin/../lib/gcc/avr/5.4.0/avr5\libgcc.a(_negsi2.o)
 .text.libgcc   0x00000000        0x0 c:/program files (x86)/atmel/studio/7.0/toolchain/avr8/avr8-gnu-toolchain/bin/../lib/gcc/avr/5.4.0/avr5\libgcc.a(_negsi2.o)
 .text.libgcc.prologue
                0x00000000        0x0 c:/program files (x86)/atmel/studio/7.0/toolchain/avr8/avr8-gnu-toolchain/bin/../lib/gcc/avr/5.4.0/avr5\libgcc.a(_negsi2.o)
 .text.libgcc.builtins
                0x00000000        0x0 c:/program files (x86)/atmel/studio/7.0/toolchain/avr8/avr8-gnu-toolchain/bin/../lib/gcc/avr/5.4.0/avr5\libgcc.a(_negsi2.o)
 .text.libgcc.fmul
                0x00000000        0x0 c:/program files (x86)/atmel/studio/7.0/toolchain/avr8/avr8-gnu-toolchain/bin/../lib/gcc/avr/5.4.0/avr5\libgcc.a(_negsi2.o)
 .text.libgcc.fixed
                0x00000000        0x0 c:/program files (x86)/atmel/studio/7.0/toolchain/avr8/avr8-gnu-toolchain/bin/../lib/gcc/avr/5.4.0/avr5\libgcc.a(_negsi2.o)
 .text          0x00000000        0x0 c:/program files (x86)/atmel/studio/7.0/toolchain/avr8/avr8-gnu-toolchain/bin/../lib/gcc/avr/5.4.0/avr5\libgcc.a(_exit.o)
 .data          0x00000000        0x0 c:/program files (x86)/atmel/studio/7.0/toolchain/avr8/avr8-gnu-toolchain/bin/../lib/gcc/avr/5.4.0/avr5\libgcc.a(_exit.o)
 .bss           0x00000000        0x0 c:/program files (x86)/atmel/studio/7.0/toolchain/avr8/avr8-gnu-toolchain/bin/../lib/gcc/avr/5.4.0/avr5\libgcc.a(_exit.o)
 .text.libgcc.mul
                0x00000000        0x0 c:/program files (x86)/atmel/studio/7.0/toolchain/avr8/avr8-gnu-toolchain/bin/../lib/gcc/avr/5.4.0/avr5\libgcc.a(_exit.o)
 .text.libgcc.div
                0x00000000        0x0 c:/program files (x86)/atmel/studio/7.0/toolchain/avr8/avr8-gnu-toolchain/bin/../lib/gcc/avr/5.4.0/avr5\libgcc.a(_exit.o)
 .text.libgcc   0x00000000        0x0 c:/program files (x86)/atmel/studio/7.0/toolchain/avr8/avr8-gnu-toolchain/bin/../lib/gcc/avr/5.4.0/avr5\libgcc.a(_exit.o)
 .text.libgcc.prologue
                0x00000000        0x0 c:/program files (x86)/atmel/studio/7.0/toolchain/avr8/avr8-gnu-toolchain/bin/../lib/gcc/avr/5.4.0/avr5\libgcc.a(_exit.o)
 .text.libgcc.builtins
                0x00000000        0x0 c:/program files (x86)/atmel/studio/7.0/toolchain/avr8/avr8-gnu-toolchain/bin/../lib/gcc/avr/5.4.0/avr5\libgcc.a(_exit.o)
 .text.libgcc.fmul
                0x00000000        0x0 c:/program files (x86)/atmel/studio/7.0/toolchain/avr8/avr8-gnu-toolchain/bin/../lib/gcc/avr/5.4.0/avr5\libgcc.a(_exit.o)
 .text.libgcc.fixed
                0x00000000        0x0 c:/program files (x86)/atmel/studio/7.0/toolchain/avr8/avr8-gnu-toolchain/bin/../lib/gcc/avr/5.4.0/avr5\libgcc.a(_exit.o)
 .text          0x00000000        0x0 c:/program files (x86)/atmel/studio/7.0/toolchain/avr8/avr8-gnu-toolchain/bin/../lib/gcc/avr/5.4.0/avr5\libgcc.a(_copy_data.o)
 .data          0x00000000        0x0 c:/program files (x86)/atmel/studio/7.0/toolchain/avr8/avr8-gnu-toolchain/bin/../lib/gcc/avr/5.4.0/avr5\libgcc.a(_copy_data.o)
 .bss           0x00000000        0x0 c:/program files (x86)/atmel/studio/7.0/toolchain/avr8/avr8-gnu-toolchain/bin/../lib/gcc/avr/5.4.0/avr5\libgcc.a(_copy_data.o)
 .text.libgcc.mul
                0x00000000        0x0 c:/program files (x86)/atmel/studio/7.0/toolchain/avr8/avr8-gnu-toolchain/bin/../lib/gcc/avr/5.4.0/avr5\libgcc.a(_copy_data.o)
 .text.libgcc.div
                0x00000000        0x0 c:/program files (x86)/atmel/studio/7.0/toolchain/avr8/avr8-gnu-toolchain/bin/../lib/gcc/avr/5.4.0/avr5\libgcc.a(_copy_data.o)
 .text.libgcc   0x00000000        0x0 c:/program files (x86)/atmel/studio/7.0/toolchain/avr8/avr8-gnu-toolchain/bin/../lib/gcc/avr/5.4.0/avr5\libgcc.a(_copy_data.o)
 .text.libgcc.prologue
                0x00000000        0x0 c:/program files (x86)/atmel/studio/7.0/toolchain/avr8/avr8-gnu-toolchain/bin/../lib/gcc/avr/5.4.0/avr5\libgcc.a(_copy_data.o)
 .text.libgcc.builtins
                0x00000000        0x0 c:/program files (x86)/atmel/studio/7.0/toolchain/avr8/avr8-gnu-toolchain/bin/../lib/gcc/avr/5.4.0/avr5\libgcc.a(_copy_data.o)
 .text.libgcc.fmul
                0x00000000        0x0 c:/program files (x86)/atmel/studio/7.0/toolchain/avr8/avr8-gnu-toolchain/bin/../lib/gcc/avr/5.4.0/avr5\libgcc.a(_copy_data.o)
 .text.libgcc.fixed
                0x00000000        0x0 c:/program files (x86)/atmel/studio/7.0/toolchain/avr8/avr8-gnu-toolchain/bin/../lib/gcc/avr/5.4.0/avr5\libgcc.a(_copy_data.o)
 .text          0x00000000        0x0 c:/program files (x86)/atmel/studio/7.0/toolchain/avr8/avr8-gnu-toolchain/bin/../lib/gcc/avr/5.4.0/avr5\libgcc.a(_clear_bss.o)
 .data          0x00000000        0x0 c:/program files (x86)/atmel/studio/7.0/toolchain/avr8/avr8-gnu-toolchain/bin/../lib/gcc/avr/5.4.0/avr5\libgcc.a(_clear_bss.o)
 .bss           0x00000000        0x0 c:/program files (x86)/atmel/studio/7.0/toolchain/avr8/avr8-gnu-toolchain/bin/../lib/gcc/avr/5.4.0/avr5\libgcc.a(_clear_bss.o)
 .text.libgcc.mul
                0x00000000        0x0 c:/program files (x86)/atmel/studio/7.0/toolchain/avr8/avr8-gnu-toolchain/bin/../lib/gcc/avr/5.4.0/avr5\libgcc.a(_clear_bss.o)
 .text.libgcc.div
                0x00000000        0x0 c:/program files (x86)/atmel/studio/7.0/toolchain/avr8/avr8-gnu-toolchain/bin/../lib/gcc/avr/5.4.0/avr5\libgcc.a(_clear_bss.o)
 .text.libgcc   0x00000000        0x0 c:/program files (x86)/atmel/studio/7.0/toolchain/avr8/avr8-gnu-toolchain/bin/../lib/gcc/avr/5.4.0/avr5\libgcc.a(_clear_bss.o)
 .text.libgcc.prologue
                0x00000000        0x0 c:/program files (x86)/atmel/studio/7.0/toolchain/avr8/avr8-gnu-toolchain/bin/../lib/gcc/avr/5.4.0/avr5\libgcc.a(_clear_bss.o)
 .text.libgcc.builtins
                0x00000000        0x0 c:/program files (x86)/atmel/studio/7.0/toolchain/avr8/avr8-gnu-toolchain/bin/../lib/gcc/avr/5.4.0/avr5\libgcc.a(_clear_bss.o)
 .text.libgcc.fmul
                0x00000000        0x0 c:/program files (x86)/atmel/studio/7.0/toolchain/avr8/avr8-gnu-toolchain/bin/../lib/gcc/avr/5.4.0/avr5\libgcc.a(_clear_bss.o)
 .text.libgcc.fixed
                0x00000000        0x0 c:/program files (x86)/atmel/studio/7.0/toolchain/avr8/avr8-gnu-toolchain/bin/../lib/gcc/avr/5.4.0/avr5\libgcc.a(_clear_bss.o)
 .text          0x00000000        0x0 c:/program files (x86)/atmel/studio/7.0/toolchain/avr8/avr8-gnu-toolchain/bin/../lib/gcc/avr/5.4.0/avr5\libgcc.a(_udivmodhi4.o)
 .data          0x00000000        0x0 c:/program files (x86)/atmel/studio/7.0/toolchain/avr8/avr8-gnu-toolchain/bin/../lib/gcc/avr/5.4.0/avr5\libgcc.a(_udivmodhi4.o)
 .bss           0x00000000        0x0 c:/program files (x86)/atmel/studio/7.0/toolchain/avr8/avr8-gnu-toolchain/bin/../lib/gcc/avr/5.4.0/avr5\libgcc.a(_udivmodhi4.o)
 .text.libgcc.mul
                0x00000000        0x0 c:/program files (x86)/atmel/studio/7.0/toolchain/avr8/avr8-gnu-toolchain/bin/../lib/gcc/avr/5.4.0/avr5\libgcc.a(_udivmodhi4.o)
 .text.libgcc   0x00000000        0x0 c:/program files (x86)/atmel/studio/7.0/toolchain/avr8/avr8-gnu-toolchain/bin/../lib/gcc/avr/5.4.0/avr5\libgcc.a(_udivmodhi4.o)
 .text.libgcc.prologue
                0x00000000        0x0 c:/program files (x86)/atmel/studio/7.0/toolchain/avr8/avr8-gnu-toolchain/bin/../lib/gcc/avr/5.4.0/avr5\libgcc.a(_udivmodhi4.o)
 .text.libgcc.builtins
                0x00000000        0x0 c:/program files (x86)/atmel/studio/7.0/toolchain/avr8/avr8-gnu-toolchain/bin/../lib/gcc/avr/5.4.0/avr5\libgcc.a(_udivmodhi4.o)
 .text.libgcc.fmul
                0x00000000        0x0 c:/program files (x86)/atmel/studio/7.0/toolchain/avr8/avr8-gnu-toolchain/bin/../lib/gcc/avr/5.4.0/avr5\libgcc.a(_udivmodhi4.o)
 .text.libgcc.fixed
                0x00000000        0x0 c:/program files (x86)/atmel/studio/7.0/toolchain/avr8/avr8-gnu-toolchain/bin/../lib/gcc/avr/5.4.0/avr5\libgcc.a(_udivmodhi4.o)
 .text          0x00000000        0x0 c:/program files (x86)/atmel/studio/7.0/toolchain/avr8/avr8-gnu-toolchain/bin/../lib/gcc/avr/5.4.0/avr5\libgcc.a(_udivmodsi4.o)
 .data          0x00000000        0x0 c:/program files (x86)/atmel/studio/7.0/toolchain/avr8/avr8-gnu-toolchain/bin/../lib/gcc/avr/5.4.0/avr5\libgcc.a(_udivmodsi4.o)
 .bss           0x00000000        0x0 c:/program files (x86)/atmel/studio/7.0/toolchain/avr8/avr8-gnu-toolchain/bin/../lib/gcc/avr/5.4.0/avr5\libgcc.a(_udivmodsi4.o)
 .text.libgcc.mul
                0x00000000        0x0 c:/program files (x86)/atmel/studio/7.0/toolchain/avr8/avr8-gnu-toolchain/bin/../lib/gcc/avr/5.4.0/avr5\libgcc.a(_udivmodsi4.o)
 .text.libgcc   0x00000000        0x0 c:/program files (x86)/atmel/studio/7.0/toolchain/avr8/avr8-gnu-toolchain/bin/../lib/gcc/avr/5.4.0/avr5\libgcc.a(_udivmodsi4.o)
 .text.libgcc.prologue
                0x00000000        0x0 c:/program files (x86)/atmel/studio/7.0/toolchain/avr8/avr8-gnu-toolchain/bin/../lib/gcc/avr/5.4.0/avr5\libgcc.a(_udivmodsi4.o)
 .text.libgcc.builtins
                0x00000000        0x0 c:/program files (x86)/atmel/studio/7.0/toolchain/avr8/avr8-gnu-toolchain/bin/../lib/gcc/avr/5.4.0/avr5\libgcc.a(_udivmodsi4.o)
 .text.libgcc.fmul
                0x00000000        0x0 c:/program files (x86)/atmel/studio/7.0/toolchain/avr8/avr8-gnu-toolchain/bin/../lib/gcc/avr/5.4.0/avr5\libgcc.a(_udivmodsi4.o)
 .text.libgcc.fixed
                0x00000000        0x0 c:/program files (x86)/atmel/studio/7.0/toolchain/avr8/avr8-gnu-toolchain/bin/../lib/gcc/avr/5.4.0/avr5\libgcc.a(_udivmodsi4.o)

Memory Configuration

Name             Origin             Length             Attributes
text             0x00000000         0x00008000         xr
data             0x00800060         0x00000800         rw !x
eeprom           0x00810000         0x00000400         rw !x
fuse             0x00820000         0x00000002         rw !x
lock             0x00830000         0x00000400         rw !x
signature        0x00840000         0x00000400         rw !x
user_signatures  0x00850000         0x00000400         rw !x
*default*        0x00000000         0xffffffff

Linker script and memory map

LOAD C:/Program Files (x86)/Atmel/Studio/7.0/Packs/atmel/ATmega_DFP/1.7.374/gcc/dev/atmega32/avr5/crtatmega32.o
LOAD APP/main.o
LOAD HAL/KPD/KPD_PROG.o
LOAD HAL/LCD/LCD_PROG.o
LOAD HAL/MOTOR/MOTOR_PROG.o
LOAD HAL/SERVO/SERVO_PROG.o
LOAD HAL/SS/SS_PROG.o
LOAD HAL/ULTRASONIC/ULTRASONIC_PROG.o
LOAD MCAL/ADC/ADC_PROG.o
LOAD MCAL/DIO/DIO_PROG.o
LOAD MCAL/EEPROM/EEPROM_PROG.o
LOAD MCAL/EXT/EXT_PROG.o
LOAD MCAL/GI/GI_PROG.o
LOAD MCAL/I2C/I2C_PROG.o
LOAD MCAL/SPI/SPI_PROG.o
LOAD MCAL/TIMER1/TIMER1_PROG.o
LOAD MCAL/TIMER2/TIMER2_PROG.o
LOAD MCAL/TIMER/TIMER0_PROG.o
LOAD MCAL/USART/UART_PROG.o
LOAD MCAL/WDT/WDT_PROG.o
START GROUP
LOAD c:/program files (x86)/atmel/studio/7.0/toolchain/avr8/avr8-gnu-toolchain/bin/../lib/gcc/avr/5.4.0/../../../../avr/lib/avr5\libm.a
END GROUP
START GROUP
LOAD c:/program files (x86)/atmel/studio/7.0/toolchain/avr8/avr8-gnu-toolchain/bin/../lib/gcc/avr/5.4.0/avr5\libgcc.a
LOAD c:/program files (x86)/atmel/studio/7.0/toolchain/avr8/avr8-gnu-toolchain/bin/../lib/gcc/avr/5.4.0/../../../../avr/lib/avr5\libm.a
LOAD c:/program files (x86)/atmel/studio/7.0/toolchain/avr8/avr8-gnu-toolchain/bin/../lib/gcc/avr/5.4.0/../../../../avr/lib/avr5\libc.a
LOAD C:/Program Files (x86)/Atmel/Studio/7.0/Packs/atmel/ATmega_DFP/1.7.374/gcc/dev/atmega32/avr5\libatmega32.a
END GROUP
                0x00000000                __TEXT_REGION_ORIGIN__ = DEFINED (__TEXT_REGION_ORIGIN__)?__TEXT_REGION_ORIGIN__:0x0
                [0x00800060]                __DATA_REGION_ORIGIN__ = DEFINED (__DATA_REGION_ORIGIN__)?__DATA_REGION_ORIGIN__:0x800060
                [0x00008000]                __TEXT_REGION_LENGTH__ = DEFINED (__TEXT_REGION_LENGTH__)?__TEXT_REGION_LENGTH__:0x20000
                [0x00000800]                __DATA_REGION_LENGTH__ = DEFINED (__DATA_REGION_LENGTH__)?__DATA_REGION_LENGTH__:0xffa0
                [0x00000400]                __EEPROM_REGION_LENGTH__ = DEFINED (__EEPROM_REGION_LENGTH__)?__EEPROM_REGION_LENGTH__:0x10000
                [0x00000002]                __FUSE_REGION_LENGTH__ = DEFINED (__FUSE_REGION_LENGTH__)?__FUSE_REGION_LENGTH__:0x400
                0x00000400                __LOCK_REGION_LENGTH__ = DEFINED (__LOCK_REGION_LENGTH__)?__LOCK_REGION_LENGTH__:0x400
                0x00000400                __SIGNATURE_REGION_LENGTH__ = DEFINED (__SIGNATURE_REGION_LENGTH__)?__SIGNATURE_REGION_LENGTH__:0x400
                0x00000400                __USER_SIGNATURE_REGION_LENGTH__ = DEFINED (__USER_SIGNATURE_REGION_LENGTH__)?__USER_SIGNATURE_REGION_LENGTH__:0x400

.hash
 *(.hash)

.dynsym
 *(.dynsym)

.dynstr
 *(.dynstr)

.gnu.version
 *(.gnu.version)

.gnu.version_d
 *(.gnu.version_d)

.gnu.version_r
 *(.gnu.version_r)

.rel.init
 *(.rel.init)

.rela.init
 *(.rela.init)

.rel.text
 *(.rel.text)
 *(.rel.text.*)
 *(.rel.gnu.linkonce.t*)

.rela.text
 *(.rela.text)
 *(.rela.text.*)
 *(.rela.gnu.linkonce.t*)

.rel.fini
 *(.rel.fini)

.rela.fini
 *(.rela.fini)

.rel.rodata
 *(.rel.rodata)
 *(.rel.rodata.*)
 *(.rel.gnu.linkonce.r*)

.rela.rodata
 *(.rela.rodata)
 *(.rela.rodata.*)
 *(.rela.gnu.linkonce.r*)

.rel.data
 *(.rel.data)
 *(.rel.data.*)
 *(.rel.gnu.linkonce.d*)

.rela.data
 *(.rela.data)
 *(.rela.data.*)
 *(.rela.gnu.linkonce.d*)

.rel.ctors
 *(.rel.ctors)

.rela.ctors
 *(.rela.ctors)

.rel.dtors
 *(.rel.dtors)

.rela.dtors
 *(.rela.dtors)

.rel.got
 *(.rel.got)

.rela.got
 *(.rela.got)

.rel.bss
 *(.rel.bss)

.rela.bss
 *(.rela.bss)

.rel.plt
 *(.rel.plt)

.rela.plt
 *(.rela.plt)

.text           0x00000000     0x13b6
 *(.vectors)
 .vectors       0x00000000       0x54 C:/Program Files (x86)/Atmel/Studio/7.0/Packs/atmel/ATmega_DFP/1.7.374/gcc/dev/atmega32/avr5/crtatmega32.o
                0x00000000                __vector_default
                0x00000000                __vectors
 *(.vectors)
 *(.progmem.gcc*)
                0x00000054                . = ALIGN (0x2)
                0x00000054                __trampolines_start = .
 *(.trampolines)
 .trampolines   0x00000054        0x0 linker stubs
 *(.trampolines*)
                0x00000054                __trampolines_end = .
 *libprintf_flt.a:*(.progmem.data)
 *libc.a:*(.progmem.data)
 *(.progmem*)
                0x00000054                . = ALIGN (0x2)
 *(.jumptables)
 *(.jumptables*)
 *(.lowtext)
 *(.lowtext*)
                0x00000054                __ctors_start = .
 *(.ctors)
                0x00000054                __ctors_end = .
                0x00000054                __dtors_start = .
 *(.dtors)
                0x00000054                __dtors_end = .
 SORT(*)(.ctors)
 SORT(*)(.dtors)
 *(.init0)
 .init0         0x00000054        0x0 C:/Program Files (x86)/Atmel/Studio/7.0/Packs/atmel/ATmega_DFP/1.7.374/gcc/dev/atmega32/avr5/crtatmega32.o
                0x00000054                __init
 *(.init0)
 *(.init1)
 *(.init1)
 *(.init2)
 .init2         0x00000054        0xc C:/Program Files (x86)/Atmel/Studio/7.0/Packs/atmel/ATmega_DFP/1.7.374/gcc/dev/atmega32/avr5/crtatmega32.o
 *(.init2)
 *(.init3)
 *(.init3)
 *(.init4)
 .init4         0x00000060       0x16 c:/program files (x86)/atmel/studio/7.0/toolchain/avr8/avr8-gnu-toolchain/bin/../lib/gcc/avr/5.4.0/avr5\libgcc.a(_copy_data.o)
                0x00000060                __do_copy_data
 .init4         0x00000076       0x10 c:/program files (x86)/atmel/studio/7.0/toolchain/avr8/avr8-gnu-toolchain/bin/../lib/gcc/avr/5.4.0/avr5\libgcc.a(_clear_bss.o)
                0x00000076                __do_clear_bss
 *(.init4)
 *(.init5)
 *(.init5)
 *(.init6)
 *(.init6)
 *(.init7)
 *(.init7)
 *(.init8)
 *(.init8)
 *(.init9)
 .init9         0x00000086        0x8 C:/Program Files (x86)/Atmel/Studio/7.0/Packs/atmel/ATmega_DFP/1.7.374/gcc/dev/atmega32/avr5/crtatmega32.o
 *(.init9)
 *(.text)
 .text          0x0000008e        0x4 C:/Program Files (x86)/Atmel/Studio/7.0/Packs/atmel/ATmega_DFP/1.7.374/gcc/dev/atmega32/avr5/crtatmega32.o
                0x0000008e                __vector_12
                0x0000008e                __bad_interrupt
                0x0000008e                __vector_13
                0x0000008e                __vector_17
                0x0000008e                __vector_19
                0x0000008e                __vector_7
                0x0000008e                __vector_5
                0x0000008e                __vector_9
                0x0000008e                __vector_15
                0x0000008e                __vector_8
                0x0000008e                __vector_14
                0x0000008e                __vector_10
                0x0000008e                __vector_16
                0x0000008e                __vector_18
                0x0000008e                __vector_20
                0x00000092                . = ALIGN (0x2)
 *(.text.*)
 .text.overflowISR
                0x00000092       0x14 APP/main.o
                0x00000092                overflowISR
 .text.ultrasonicFunc
                0x000000a6       0x7c APP/main.o
                0x000000a6                ultrasonicFunc
 .text.LCD_Car_Data_Display
                0x00000122        0xe APP/main.o
                0x00000122                LCD_Car_Data_Display
 .text.main     0x00000130      0x272 APP/main.o
                0x00000130                main
 .text.LCD_pulse
                0x000003a2       0x1e HAL/LCD/LCD_PROG.o
                0x000003a2                LCD_pulse
 .text.LCD_sendData
                0x000003c0       0xcc HAL/LCD/LCD_PROG.o
                0x000003c0                LCD_sendData
 .text.LCD_sendCmd
                0x0000048c       0xcc HAL/LCD/LCD_PROG.o
                0x0000048c                LCD_sendCmd
 .text.LCD_init
                0x00000558       0x8e HAL/LCD/LCD_PROG.o
                0x00000558                LCD_init
 .text.LCD_clearDis
                0x000005e6        0x8 HAL/LCD/LCD_PROG.o
                0x000005e6                LCD_clearDis
 .text.LCD_sendStr
                0x000005ee       0x26 HAL/LCD/LCD_PROG.o
                0x000005ee                LCD_sendStr
 .text.LCD_sendNum
                0x00000614       0x8e HAL/LCD/LCD_PROG.o
                0x00000614                LCD_sendNum
 .text.LCD_GoTo
                0x000006a2       0x18 HAL/LCD/LCD_PROG.o
                0x000006a2                LCD_GoTo
 .text.M_init   0x000006ba       0x3e HAL/MOTOR/MOTOR_PROG.o
                0x000006ba                M_init
 .text.M1_clockwise
                0x000006f8       0x22 HAL/MOTOR/MOTOR_PROG.o
                0x000006f8                M1_clockwise
 .text.M1_anticlockwise
                0x0000071a       0x22 HAL/MOTOR/MOTOR_PROG.o
                0x0000071a                M1_anticlockwise
 .text.M2_clockwise
                0x0000073c       0x22 HAL/MOTOR/MOTOR_PROG.o
                0x0000073c                M2_clockwise
 .text.M2_anticlockwise
                0x0000075e       0x22 HAL/MOTOR/MOTOR_PROG.o
                0x0000075e                M2_anticlockwise
 .text.M1_stop  0x00000780       0x1a HAL/MOTOR/MOTOR_PROG.o
                0x00000780                M1_stop
 .text.M2_stop  0x0000079a       0x1a HAL/MOTOR/MOTOR_PROG.o
                0x0000079a                M2_stop
 .text.Car_Go_Forward
                0x000007b4        0xa HAL/MOTOR/MOTOR_PROG.o
                0x000007b4                Car_Go_Forward
 .text.Car_Go_Backward
                0x000007be       0x1c HAL/MOTOR/MOTOR_PROG.o
                0x000007be                Car_Go_Backward
 .text.Car_Stopping
                0x000007da       0x1c HAL/MOTOR/MOTOR_PROG.o
                0x000007da                Car_Stopping
 .text.Car_Turning_Backleft
                0x000007f6       0x1c HAL/MOTOR/MOTOR_PROG.o
                0x000007f6                Car_Turning_Backleft
 .text.Car_Turning_BackRight
                0x00000812       0x1c HAL/MOTOR/MOTOR_PROG.o
                0x00000812                Car_Turning_BackRight
 .text.Car_Turnback
                0x0000082e       0x20 HAL/MOTOR/MOTOR_PROG.o
                0x0000082e                Car_Turnback
 .text.S_init   0x0000084e        0xa HAL/SERVO/SERVO_PROG.o
                0x0000084e                S_init
 .text.ctcISR   0x00000858       0x14 HAL/SERVO/SERVO_PROG.o
                0x00000858                ctcISR
 .text.S_0_degree
                0x0000086c       0x9e HAL/SERVO/SERVO_PROG.o
                0x0000086c                S_0_degree
 .text.S_180_degree
                0x0000090a       0x9e HAL/SERVO/SERVO_PROG.o
                0x0000090a                S_180_degree
 .text.S_Check_Right_Obstacle
                0x000009a8       0x20 HAL/SERVO/SERVO_PROG.o
                0x000009a8                S_Check_Right_Obstacle
 .text.S_Check_Left_Obstacle
                0x000009c8       0x20 HAL/SERVO/SERVO_PROG.o
                0x000009c8                S_Check_Left_Obstacle
 .text.US_init  0x000009e8       0x12 HAL/ULTRASONIC/ULTRASONIC_PROG.o
                0x000009e8                US_init
 .text.Trigger  0x000009fa       0x26 HAL/ULTRASONIC/ULTRASONIC_PROG.o
                0x000009fa                Trigger
 .text.DIO_setPinDir
                0x00000a20      0x116 MCAL/DIO/DIO_PROG.o
                0x00000a20                DIO_setPinDir
 .text.DIO_setPinValue
                0x00000b36      0x116 MCAL/DIO/DIO_PROG.o
                0x00000b36                DIO_setPinValue
 .text.EXT_int0Init
                0x00000c4c       0x3c MCAL/EXT/EXT_PROG.o
                0x00000c4c                EXT_int0Init
 .text.EXT_setCallbackInt0
                0x00000c88        0xa MCAL/EXT/EXT_PROG.o
                0x00000c88                EXT_setCallbackInt0
 .text.__vector_1
                0x00000c92       0x4e MCAL/EXT/EXT_PROG.o
                0x00000c92                __vector_1
 .text.__vector_2
                0x00000ce0       0x4e MCAL/EXT/EXT_PROG.o
                0x00000ce0                __vector_2
 .text.__vector_3
                0x00000d2e       0x4e MCAL/EXT/EXT_PROG.o
                0x00000d2e                __vector_3
 .text.GI_enable
                0x00000d7c        0x8 MCAL/GI/GI_PROG.o
                0x00000d7c                GI_enable
 .text.TIMER1_initPhaseCorrectMod9
                0x00000d84       0x26 MCAL/TIMER1/TIMER1_PROG.o
                0x00000d84                TIMER1_initPhaseCorrectMod9
 .text.TIMER1_setOcr
                0x00000daa        0x6 MCAL/TIMER1/TIMER1_PROG.o
                0x00000daa                TIMER1_setOcr
 .text.TIMER1_setPCFrequency
                0x00000db0       0x34 MCAL/TIMER1/TIMER1_PROG.o
                0x00000db0                TIMER1_setPCFrequency
 .text.__vector_6
                0x00000de4       0x4e MCAL/TIMER1/TIMER1_PROG.o
                0x00000de4                __vector_6
 .text.TIMER2_initCtc
                0x00000e32       0x20 MCAL/TIMER2/TIMER2_PROG.o
                0x00000e32                TIMER2_initCtc
 .text.TIMER2_start
                0x00000e52       0xa8 MCAL/TIMER2/TIMER2_PROG.o
                0x00000e52                TIMER2_start
 .text.TIMER2_stop
                0x00000efa       0x14 MCAL/TIMER2/TIMER2_PROG.o
                0x00000efa                TIMER2_stop
 .text.TIMER2_setPreload
                0x00000f0e        0x4 MCAL/TIMER2/TIMER2_PROG.o
                0x00000f0e                TIMER2_setPreload
 .text.TIMER2_setOcr
                0x00000f12        0x4 MCAL/TIMER2/TIMER2_PROG.o
                0x00000f12                TIMER2_setOcr
 .text.TIMER2_setCallbackCtc
                0x00000f16        0xa MCAL/TIMER2/TIMER2_PROG.o
                0x00000f16                TIMER2_setCallbackCtc
 .text.__vector_4
                0x00000f20       0x4e MCAL/TIMER2/TIMER2_PROG.o
                0x00000f20                __vector_4
 .text.TIMER0_initNormal
                0x00000f6e       0x14 MCAL/TIMER/TIMER0_PROG.o
                0x00000f6e                TIMER0_initNormal
 .text.TIMER0_start
                0x00000f82       0x90 MCAL/TIMER/TIMER0_PROG.o
                0x00000f82                TIMER0_start
 .text.TIMER0_stop
                0x00001012       0x14 MCAL/TIMER/TIMER0_PROG.o
                0x00001012                TIMER0_stop
 .text.TIMER0_setCallbackOv
                0x00001026        0xa MCAL/TIMER/TIMER0_PROG.o
                0x00001026                TIMER0_setCallbackOv
 .text.__vector_11
                0x00001030       0x4e MCAL/TIMER/TIMER0_PROG.o
                0x00001030                __vector_11
 .text.avr-libc.fplib
                0x0000107e        0xe c:/program files (x86)/atmel/studio/7.0/toolchain/avr8/avr8-gnu-toolchain/bin/../lib/gcc/avr/5.4.0/../../../../avr/lib/avr5\libm.a(fixsfsi.o)
                0x0000107e                __fixsfsi
 .text.avr-libc.fplib
                0x0000108c       0x5e c:/program files (x86)/atmel/studio/7.0/toolchain/avr8/avr8-gnu-toolchain/bin/../lib/gcc/avr/5.4.0/../../../../avr/lib/avr5\libm.a(fixunssfsi.o)
                0x0000108c                __fixunssfsi
 .text.avr-libc.fplib
                0x000010ea       0x7a c:/program files (x86)/atmel/studio/7.0/toolchain/avr8/avr8-gnu-toolchain/bin/../lib/gcc/avr/5.4.0/../../../../avr/lib/avr5\libm.a(floatsisf.o)
                0x000010ea                __floatunsisf
                0x000010ee                __floatsisf
 .text.avr-libc.fplib
                0x00001164        0xc c:/program files (x86)/atmel/studio/7.0/toolchain/avr8/avr8-gnu-toolchain/bin/../lib/gcc/avr/5.4.0/../../../../avr/lib/avr5\libm.a(fp_inf.o)
                0x00001164                __fp_inf
 .text.avr-libc.fplib
                0x00001170        0x6 c:/program files (x86)/atmel/studio/7.0/toolchain/avr8/avr8-gnu-toolchain/bin/../lib/gcc/avr/5.4.0/../../../../avr/lib/avr5\libm.a(fp_nan.o)
                0x00001170                __fp_nan
 .text.avr-libc.fplib
                0x00001176        0xe c:/program files (x86)/atmel/studio/7.0/toolchain/avr8/avr8-gnu-toolchain/bin/../lib/gcc/avr/5.4.0/../../../../avr/lib/avr5\libm.a(fp_pscA.o)
                0x00001176                __fp_pscA
 .text.avr-libc.fplib
                0x00001184        0xe c:/program files (x86)/atmel/studio/7.0/toolchain/avr8/avr8-gnu-toolchain/bin/../lib/gcc/avr/5.4.0/../../../../avr/lib/avr5\libm.a(fp_pscB.o)
                0x00001184                __fp_pscB
 .text.avr-libc.fplib
                0x00001192       0x22 c:/program files (x86)/atmel/studio/7.0/toolchain/avr8/avr8-gnu-toolchain/bin/../lib/gcc/avr/5.4.0/../../../../avr/lib/avr5\libm.a(fp_round.o)
                0x00001192                __fp_round
 .text.avr-libc.fplib
                0x000011b4       0x44 c:/program files (x86)/atmel/studio/7.0/toolchain/avr8/avr8-gnu-toolchain/bin/../lib/gcc/avr/5.4.0/../../../../avr/lib/avr5\libm.a(fp_split3.o)
                0x000011b4                __fp_split3
                0x000011c4                __fp_splitA
 .text.avr-libc.fplib
                0x000011f8        0xe c:/program files (x86)/atmel/studio/7.0/toolchain/avr8/avr8-gnu-toolchain/bin/../lib/gcc/avr/5.4.0/../../../../avr/lib/avr5\libm.a(fp_zero.o)
                0x000011f8                __fp_zero
                0x000011fa                __fp_szero
 .text.avr-libc.fplib
                0x00001206        0x8 c:/program files (x86)/atmel/studio/7.0/toolchain/avr8/avr8-gnu-toolchain/bin/../lib/gcc/avr/5.4.0/../../../../avr/lib/avr5\libm.a(mulsf3.o)
                0x00001206                __mulsf3
 .text.avr-libc.fplib
                0x0000120e       0xd2 c:/program files (x86)/atmel/studio/7.0/toolchain/avr8/avr8-gnu-toolchain/bin/../lib/gcc/avr/5.4.0/../../../../avr/lib/avr5\libm.a(mulsf3x.o)
                0x0000122c                __mulsf3x
                0x00001232                __mulsf3_pse
 .text.libgcc.div
                0x000012e0       0x28 c:/program files (x86)/atmel/studio/7.0/toolchain/avr8/avr8-gnu-toolchain/bin/../lib/gcc/avr/5.4.0/avr5\libgcc.a(_divmodhi4.o)
                0x000012e0                _div
                0x000012e0                __divmodhi4
 .text.libgcc.div
                0x00001308       0x2e c:/program files (x86)/atmel/studio/7.0/toolchain/avr8/avr8-gnu-toolchain/bin/../lib/gcc/avr/5.4.0/avr5\libgcc.a(_divmodsi4.o)
                0x00001308                __divmodsi4
 .text.libgcc.div
                0x00001336       0x10 c:/program files (x86)/atmel/studio/7.0/toolchain/avr8/avr8-gnu-toolchain/bin/../lib/gcc/avr/5.4.0/avr5\libgcc.a(_negsi2.o)
                0x00001336                __negsi2
 .text.libgcc.div
                0x00001346       0x28 c:/program files (x86)/atmel/studio/7.0/toolchain/avr8/avr8-gnu-toolchain/bin/../lib/gcc/avr/5.4.0/avr5\libgcc.a(_udivmodhi4.o)
                0x00001346                __udivmodhi4
 .text.libgcc.div
                0x0000136e       0x44 c:/program files (x86)/atmel/studio/7.0/toolchain/avr8/avr8-gnu-toolchain/bin/../lib/gcc/avr/5.4.0/avr5\libgcc.a(_udivmodsi4.o)
                0x0000136e                __udivmodsi4
                0x000013b2                . = ALIGN (0x2)
 *(.fini9)
 .fini9         0x000013b2        0x0 c:/program files (x86)/atmel/studio/7.0/toolchain/avr8/avr8-gnu-toolchain/bin/../lib/gcc/avr/5.4.0/avr5\libgcc.a(_exit.o)
                0x000013b2                _exit
                0x000013b2                exit
 *(.fini9)
 *(.fini8)
 *(.fini8)
 *(.fini7)
 *(.fini7)
 *(.fini6)
 *(.fini6)
 *(.fini5)
 *(.fini5)
 *(.fini4)
 *(.fini4)
 *(.fini3)
 *(.fini3)
 *(.fini2)
 *(.fini2)
 *(.fini1)
 *(.fini1)
 *(.fini0)
 .fini0         0x000013b2        0x4 c:/program files (x86)/atmel/studio/7.0/toolchain/avr8/avr8-gnu-toolchain/bin/../lib/gcc/avr/5.4.0/avr5\libgcc.a(_exit.o)
 *(.fini0)
                0x000013b6                _etext = .

.data           0x00800060       0x3e load address 0x000013b6
                0x00800060                PROVIDE (__data_start, .)
 *(.data)
 *(.data*)
 .data.Ttick    0x00800060        0x4 APP/main.o
                0x00800060                Ttick
 *(.gnu.linkonce.d*)
 *(.rodata)
 *(.rodata*)
 .rodata.str1.1
                0x00800064       0x3a APP/main.o
 *(.gnu.linkonce.r*)
                0x0080009e                . = ALIGN (0x2)
                0x0080009e                _edata = .
                0x0080009e                PROVIDE (__data_end, .)

.bss            0x0080009e       0x19
                0x0080009e                PROVIDE (__bss_start, .)
 *(.bss)
 *(.bss*)
 .bss.edge.1826
                0x0080009e        0x1 APP/main.o
 .bss.ovCounter
                0x0080009f        0x2 APP/main.o
                0x0080009f                ovCounter
 .bss.dis       0x008000a1        0x2 APP/main.o
 .bss.R_dis     0x008000a3        0x2 APP/main.o
 .bss.L_dis     0x008000a5        0x2 APP/main.o
 .bss.flag.1771
                0x008000a7        0x1 HAL/SERVO/SERVO_PROG.o
 .bss.flag.1768
                0x008000a8        0x1 HAL/SERVO/SERVO_PROG.o
 .bss.Counter   0x008000a9        0x2 HAL/SERVO/SERVO_PROG.o
                0x008000a9                Counter
 *(COMMON)
 COMMON         0x008000ab        0x6 MCAL/EXT/EXT_PROG.o
                0x008000ab                EXT_int1Func
                0x008000ad                EXT_int2Func
                0x008000af                EXT_int0Func
 COMMON         0x008000b1        0x2 MCAL/TIMER1/TIMER1_PROG.o
                0x008000b1                TIMER1_icuFunc
 COMMON         0x008000b3        0x2 MCAL/TIMER2/TIMER2_PROG.o
                0x008000b3                TIMER2_ctcFunc
 COMMON         0x008000b5        0x2 MCAL/TIMER/TIMER0_PROG.o
                0x008000b5                TIMER0_ovFunc
                0x008000b7                PROVIDE (__bss_end, .)
                0x000013b6                __data_load_start = LOADADDR (.data)
                0x000013f4                __data_load_end = (__data_load_start + SIZEOF (.data))

.noinit         0x008000b7        0x0
                [!provide]                PROVIDE (__noinit_start, .)
 *(.noinit*)
                [!provide]                PROVIDE (__noinit_end, .)
                0x008000b7                _end = .
                [!provide]                PROVIDE (__heap_start, .)

.eeprom         0x00810000        0x0
 *(.eeprom*)
                0x00810000                __eeprom_end = .

.fuse
 *(.fuse)
 *(.lfuse)
 *(.hfuse)
 *(.efuse)

.lock
 *(.lock*)

.signature
 *(.signature*)

.user_signatures
 *(.user_signatures*)

.stab
 *(.stab)

.stabstr
 *(.stabstr)

.stab.excl
 *(.stab.excl)

.stab.exclstr
 *(.stab.exclstr)

.stab.index
 *(.stab.index)

.stab.indexstr
 *(.stab.indexstr)

.comment        0x00000000       0x30
 *(.comment)
 .comment       0x00000000       0x30 APP/main.o
                                 0x31 (size before relaxing)
 .comment       0x00000030       0x31 HAL/LCD/LCD_PROG.o
 .comment       0x00000030       0x31 HAL/MOTOR/MOTOR_PROG.o
 .comment       0x00000030       0x31 HAL/SERVO/SERVO_PROG.o
 .comment       0x00000030       0x31 HAL/ULTRASONIC/ULTRASONIC_PROG.o
 .comment       0x00000030       0x31 MCAL/DIO/DIO_PROG.o
 .comment       0x00000030       0x31 MCAL/EXT/EXT_PROG.o
 .comment       0x00000030       0x31 MCAL/GI/GI_PROG.o
 .comment       0x00000030       0x31 MCAL/TIMER1/TIMER1_PROG.o
 .comment       0x00000030       0x31 MCAL/TIMER2/TIMER2_PROG.o
 .comment       0x00000030       0x31 MCAL/TIMER/TIMER0_PROG.o

.note.gnu.avr.deviceinfo
                0x00000000       0x3c
 .note.gnu.avr.deviceinfo
                0x00000000       0x3c C:/Program Files (x86)/Atmel/Studio/7.0/Packs/atmel/ATmega_DFP/1.7.374/gcc/dev/atmega32/avr5/crtatmega32.o

.note.gnu.build-id
 *(.note.gnu.build-id)

.debug
 *(.debug)

.line
 *(.line)

.debug_srcinfo
 *(.debug_srcinfo)

.debug_sfnames
 *(.debug_sfnames)

.debug_aranges  0x00000000      0x368
 *(.debug_aranges)
 .debug_aranges
                0x00000000       0x38 APP/main.o
 .debug_aranges
                0x00000038       0x60 HAL/LCD/LCD_PROG.o
 .debug_aranges
                0x00000098       0x80 HAL/MOTOR/MOTOR_PROG.o
 .debug_aranges
                0x00000118       0x48 HAL/SERVO/SERVO_PROG.o
 .debug_aranges
                0x00000160       0x28 HAL/ULTRASONIC/ULTRASONIC_PROG.o
 .debug_aranges
                0x00000188       0x40 MCAL/DIO/DIO_PROG.o
 .debug_aranges
                0x000001c8       0x60 MCAL/EXT/EXT_PROG.o
 .debug_aranges
                0x00000228       0x28 MCAL/GI/GI_PROG.o
 .debug_aranges
                0x00000250       0x68 MCAL/TIMER1/TIMER1_PROG.o
 .debug_aranges
                0x000002b8       0x60 MCAL/TIMER2/TIMER2_PROG.o
 .debug_aranges
                0x00000318       0x50 MCAL/TIMER/TIMER0_PROG.o

.debug_pubnames
 *(.debug_pubnames)

.debug_info     0x00000000     0x2bd4
 *(.debug_info .gnu.linkonce.wi.*)
 .debug_info    0x00000000      0x4e6 C:/Program Files (x86)/Atmel/Studio/7.0/Packs/atmel/ATmega_DFP/1.7.374/gcc/dev/atmega32/avr5/crtatmega32.o
 .debug_info    0x000004e6      0x966 APP/main.o
 .debug_info    0x00000e4c      0x76e HAL/LCD/LCD_PROG.o
 .debug_info    0x000015ba      0x704 HAL/MOTOR/MOTOR_PROG.o
 .debug_info    0x00001cbe      0x416 HAL/SERVO/SERVO_PROG.o
 .debug_info    0x000020d4      0x1dd HAL/ULTRASONIC/ULTRASONIC_PROG.o
 .debug_info    0x000022b1      0x18f MCAL/DIO/DIO_PROG.o
 .debug_info    0x00002440      0x1ec MCAL/EXT/EXT_PROG.o
 .debug_info    0x0000262c       0x8f MCAL/GI/GI_PROG.o
 .debug_info    0x000026bb      0x1ec MCAL/TIMER1/TIMER1_PROG.o
 .debug_info    0x000028a7      0x1bd MCAL/TIMER2/TIMER2_PROG.o
 .debug_info    0x00002a64      0x170 MCAL/TIMER/TIMER0_PROG.o

.debug_abbrev   0x00000000      0xfbf
 *(.debug_abbrev)
 .debug_abbrev  0x00000000      0x4a3 C:/Program Files (x86)/Atmel/Studio/7.0/Packs/atmel/ATmega_DFP/1.7.374/gcc/dev/atmega32/avr5/crtatmega32.o
 .debug_abbrev  0x000004a3      0x1b5 APP/main.o
 .debug_abbrev  0x00000658      0x1bb HAL/LCD/LCD_PROG.o
 .debug_abbrev  0x00000813      0x112 HAL/MOTOR/MOTOR_PROG.o
 .debug_abbrev  0x00000925      0x155 HAL/SERVO/SERVO_PROG.o
 .debug_abbrev  0x00000a7a       0xef HAL/ULTRASONIC/ULTRASONIC_PROG.o
 .debug_abbrev  0x00000b69       0xc9 MCAL/DIO/DIO_PROG.o
 .debug_abbrev  0x00000c32       0xad MCAL/EXT/EXT_PROG.o
 .debug_abbrev  0x00000cdf       0x4f MCAL/GI/GI_PROG.o
 .debug_abbrev  0x00000d2e       0xdb MCAL/TIMER1/TIMER1_PROG.o
 .debug_abbrev  0x00000e09       0xdb MCAL/TIMER2/TIMER2_PROG.o
 .debug_abbrev  0x00000ee4       0xdb MCAL/TIMER/TIMER0_PROG.o

.debug_line     0x00000000     0x19f7
 *(.debug_line .debug_line.* .debug_line_end)
 .debug_line    0x00000000      0x116 C:/Program Files (x86)/Atmel/Studio/7.0/Packs/atmel/ATmega_DFP/1.7.374/gcc/dev/atmega32/avr5/crtatmega32.o
 .debug_line    0x00000116      0x457 APP/main.o
 .debug_line    0x0000056d      0x39a HAL/LCD/LCD_PROG.o
 .debug_line    0x00000907      0x31e HAL/MOTOR/MOTOR_PROG.o
 .debug_line    0x00000c25      0x2f9 HAL/SERVO/SERVO_PROG.o
 .debug_line    0x00000f1e      0x16f HAL/ULTRASONIC/ULTRASONIC_PROG.o
 .debug_line    0x0000108d      0x1d6 MCAL/DIO/DIO_PROG.o
 .debug_line    0x00001263      0x1ab MCAL/EXT/EXT_PROG.o
 .debug_line    0x0000140e       0x74 MCAL/GI/GI_PROG.o
 .debug_line    0x00001482      0x1df MCAL/TIMER1/TIMER1_PROG.o
 .debug_line    0x00001661      0x1fa MCAL/TIMER2/TIMER2_PROG.o
 .debug_line    0x0000185b      0x19c MCAL/TIMER/TIMER0_PROG.o

.debug_frame    0x00000000      0x7b8
 *(.debug_frame)
 .debug_frame   0x00000000       0x54 APP/main.o
 .debug_frame   0x00000054      0x108 HAL/LCD/LCD_PROG.o
 .debug_frame   0x0000015c       0xe4 HAL/MOTOR/MOTOR_PROG.o
 .debug_frame   0x00000240       0x74 HAL/SERVO/SERVO_PROG.o
 .debug_frame   0x000002b4       0x34 HAL/ULTRASONIC/ULTRASONIC_PROG.o
 .debug_frame   0x000002e8       0x6c MCAL/DIO/DIO_PROG.o
 .debug_frame   0x00000354      0x17c MCAL/EXT/EXT_PROG.o
 .debug_frame   0x000004d0       0x34 MCAL/GI/GI_PROG.o
 .debug_frame   0x00000504       0xfc MCAL/TIMER1/TIMER1_PROG.o
 .debug_frame   0x00000600       0xec MCAL/TIMER2/TIMER2_PROG.o
 .debug_frame   0x000006ec       0xcc MCAL/TIMER/TIMER0_PROG.o

.debug_str      0x00000000      0x9dd
 *(.debug_str)
 .debug_str     0x00000000      0x196 C:/Program Files (x86)/Atmel/Studio/7.0/Packs/atmel/ATmega_DFP/1.7.374/gcc/dev/atmega32/avr5/crtatmega32.o
 .debug_str     0x00000196      0x361 APP/main.o
                                0x39c (size before relaxing)
 .debug_str     0x000004f7       0xd7 HAL/LCD/LCD_PROG.o
                                0x28e (size before relaxing)
 .debug_str     0x000005ce       0xb6 HAL/MOTOR/MOTOR_PROG.o
                                0x30b (size before relaxing)
 .debug_str     0x00000684       0x86 HAL/SERVO/SERVO_PROG.o
                                0x2c4 (size before relaxing)
 .debug_str     0x0000070a       0x33 HAL/ULTRASONIC/ULTRASONIC_PROG.o
                                0x22e (size before relaxing)
 .debug_str     0x0000073d       0x56 MCAL/DIO/DIO_PROG.o
                                0x1bd (size before relaxing)
 .debug_str     0x00000793       0xae MCAL/EXT/EXT_PROG.o
                                0x218 (size before relaxing)
 .debug_str     0x00000841       0x20 MCAL/GI/GI_PROG.o
                                0x173 (size before relaxing)
 .debug_str     0x00000861       0xbf MCAL/TIMER1/TIMER1_PROG.o
                                0x268 (size before relaxing)
 .debug_str     0x00000920       0x64 MCAL/TIMER2/TIMER2_PROG.o
                                0x21e (size before relaxing)
 .debug_str     0x00000984       0x59 MCAL/TIMER/TIMER0_PROG.o
                                0x1f7 (size before relaxing)

.debug_loc      0x00000000     0x153c
 *(.debug_loc)
 .debug_loc     0x00000000      0x216 APP/main.o
 .debug_loc     0x00000216      0x4f1 HAL/LCD/LCD_PROG.o
 .debug_loc     0x00000707      0x168 HAL/MOTOR/MOTOR_PROG.o
 .debug_loc     0x0000086f       0x90 HAL/SERVO/SERVO_PROG.o
 .debug_loc     0x000008ff       0x8b HAL/ULTRASONIC/ULTRASONIC_PROG.o
 .debug_loc     0x0000098a      0x3f3 MCAL/DIO/DIO_PROG.o
 .debug_loc     0x00000d7d      0x341 MCAL/EXT/EXT_PROG.o
 .debug_loc     0x000010be      0x151 MCAL/TIMER1/TIMER1_PROG.o
 .debug_loc     0x0000120f      0x1a3 MCAL/TIMER2/TIMER2_PROG.o
 .debug_loc     0x000013b2      0x18a MCAL/TIMER/TIMER0_PROG.o

.debug_macinfo
 *(.debug_macinfo)

.debug_weaknames
 *(.debug_weaknames)

.debug_funcnames
 *(.debug_funcnames)

.debug_typenames
 *(.debug_typenames)

.debug_varnames
 *(.debug_varnames)

.debug_pubtypes
 *(.debug_pubtypes)

.debug_ranges   0x00000000      0x2b8
 *(.debug_ranges)
 .debug_ranges  0x00000000       0x28 APP/main.o
 .debug_ranges  0x00000028       0x50 HAL/LCD/LCD_PROG.o
 .debug_ranges  0x00000078       0x70 HAL/MOTOR/MOTOR_PROG.o
 .debug_ranges  0x000000e8       0x38 HAL/SERVO/SERVO_PROG.o
 .debug_ranges  0x00000120       0x18 HAL/ULTRASONIC/ULTRASONIC_PROG.o
 .debug_ranges  0x00000138       0x30 MCAL/DIO/DIO_PROG.o
 .debug_ranges  0x00000168       0x50 MCAL/EXT/EXT_PROG.o
 .debug_ranges  0x000001b8       0x18 MCAL/GI/GI_PROG.o
 .debug_ranges  0x000001d0       0x58 MCAL/TIMER1/TIMER1_PROG.o
 .debug_ranges  0x00000228       0x50 MCAL/TIMER2/TIMER2_PROG.o
 .debug_ranges  0x00000278       0x40 MCAL/TIMER/TIMER0_PROG.o

.debug_macro
 *(.debug_macro)
OUTPUT(Horizon.elf elf32-avr)
LOAD linker stubs
